I'm sorry, but errors were detected in your script. Please correct the
errors listed below, and try again.


File "game/script.rpy", line 111: expected statement.
    map_mark = 0
             ^

File "game/script.rpy", line 116: expected statement.
    map_mark = 0
             ^

File "game/script.rpy", line 121: expected statement.
    map_mark = 0
             ^

Ren'Py Version: Ren'Py 8.0.3.22090809
Thu Mar  9 12:01:01 2023
